[transformers] Model config: bos_token_id must be `None` or an integer within the vocabulary (between 0 and 49151), got 50256. This may result in unexpected behavior.
[transformers] Model config: eos_token_id must be `None` or an integer within the vocabulary (between 0 and 49151), got 50256. This may result in unexpected behavior.
  TUL ON: activate_at=0.0 slot_token='<fim_pad>'(id 4) |B|=1101 min_span=4 span_cap=32 prefix_k=4 max_slots=64 L_total=1280 p_drop=0.15 slot_seed='boundary'
  TUL SPAN DECODER ON: layers=2 heads=8 J=32x1 offset=1 weight=1.0 — span s+1 is decoded from z with a teacher-forced token path (morph/model/tul_spandec.py)
  TUL THOUGHT REGISTER ON: slot_cells=4 init='distinct' - each span gets M MUTABLE looped cells instead of one, seeded apart by M learned queries pooling the span's own prelude states (W_o zero-init: step 0 IS the ruler). They loop together at one per-slot depth; inside the loop a cell reads every cell of earlier slots AND every cell of its own slot, LATER siblings included (the relation travels as `tg_relation` and REPLACES the attention branches' causal term; through `tg_allow` it would only narrow and would execute as plain flattened causal - measured and fixed 2026-09-13). The M cells are LXTUL's K streams and every one of them is written 1:1 into ITS prefix cell (fan_mix=all; see the LXTUL FAN line below). the coda is unchanged, and the span decoder grades the MEAN of the M cells. Built against the measured rank collapse (slot_eff_rank 5.7-7.3 in 1024 dims, pairwise cos 0.72-0.77). Read `val/slot_cell_eff_rank` - the rank WITHIN a slot - beside `val/slot_eff_rank` (lab/experiments/planned/2026-09-13-arc-thought-register.md)
  LXTUL FAN ON: fan_k=4 mix='all' repel_mode='epivol' repel_lambda=0.1 repel_passes=2 prefix_k=4 ALL eps=0.05 wta_lambda=0.0 (no mixture, no gate: every stream is written into ITS prefix cell through W_prefix[i], the register's 1:1 route, and the coda reads all K; wta_lambda 0: NO responsibility term and NO extra coda pass) LATENT-SELECTED LOOP 'joint': after every pass the M cells of a continuing slot are reset to the winner (train: follow the ROUTER; the teacher is the argmin ||g(cell) - z||^2 on the EMA-prelude target, EMA m=0.996; eval and slots without a target: the router, rank 64, CE onto the teacher at weight 1.0); ONE latent loss at the exit (relaxed WTA eps=0.05, weight 1.0, head reads DETACHED cells: ranks only, no pull on the loop; online floor 0.2 @ 0.1); the coda reads the final winner alone (the coda's CE reaches the loop through the winner) - read fan/lsel_r2, fan/lsel_teacher_router_agree (chance 1/K), fan/lsel_switch_rate, fan/lsel_cell_spread, and at val fan/lsel_teacher_pick_gap - K latent STREAMS per span through the ONE shared core. The streams ARE the Thought Register's cells (fan_k aliases slot_cells, so the message above is this arm's loop); what is NEW is the three things the register did not have. (1) a DIVERSITY term ('epivol') charged after passes 1..2 only, because PLR Thm 4.4 makes the collapse exponential in depth (pass 1 fights L^2, pass 6 fights L^12). (2) the exit WRITE: every stream in its own prefix cell, the register's 1:1 route, so the coda's width is prefix_k=4 and the width partner is the ruler at the same prefix_k. (3) the ORACLE: at every val the coda is re-run once per stream and `fan/oracle_ce` is the per-span minimum. READ `fan/oracle_ce` AGAINST `fan/single_ce` FIRST - if the gap is inside a width control's own CE gain, the streams are copies and the width branch closes, whatever `fan/mixed_ce` says. Then `fan/stream_cos_t{t}` (1.0 = collapsed; the register read 0.94) and `fan/stream_rank_t{t}` (the register read 1.24 of 4) (lab/experiments/planned/2026-09-19-lxtul-fan4.md)
  TUL TG-RESTRICT ON: soft_prev_span=False — window branch restricted to same-span-or-slot, compressed branch restricted to slot positions (docs/tul-tg-spec.md); model.use_kernels must be false
  TUL STRICT GEOMETRY ON (coda_prefix_reach=all): the prelude is same-span ONLY, a coda prefix cell reads itself alone, the conv/value-shift and the retention carry reset at every segment, and the coda's per-layer injections at the slot cells are zeroed — the slot LOOP is the only cross-span channel (lab/experiments/planned/2026-09-12-arc-strict-geometry.md)
  TUL SLOT-CELL PASS NORM 'rms' ON: after EVERY slot-loop pass each carried cell is RMSNorm(h) * g (per Hyper-Connection stream over the channels, eps 1e-6, ONE learned gain g shared by every pass, init 1.0, no-decay, never ternary); the entry state is NOT normed. The fixed-point term compares normed states; the latent head, the teacher, the diversity term and the prefix write read the normed cell. NOTE the gain hinge (model.slot_gain_lambda=100.0) still reads the RAW map f, not the normed map the loop carries: it bounds f, not the carried gain - read val/slot_cell_rms_t{t} (should sit at rms(g)) and val/slot_cell_norm_g_mean / _std
  TG SCOPED KERNELS ON: HC-Cayley + CCA prologue + core window fused; TG-restricted attention branches eager by construction; CE chunked
  TUL POINTER ON: 4 heads over earlier tokens' final hidden states (token order, j < i), each read as a distribution over the token that followed j, gated with the model's head; output-only; 529,673 params, never ternary; cell keys off
MORPHTransformer: 300.5M params, loop 4:6×6:4 (kernels=EAGER+TGSCOPED, residual=hc_cayley(n=4))
    load ok: step 5000, 0 unexpected, 0 rope/cache-missing
    [fan-target] EMA prelude twin resume
  lxtul-pointer: all_slots ON (the route split)
[data] local arrow source: 80 shards (first=openwebtext-train-00000-of-00080.arrow)
  lxtul-pointer: 3/192 rows
  lxtul-pointer: 6/192 rows
  lxtul-pointer: 9/192 rows
  lxtul-pointer: 12/192 rows
  lxtul-pointer: 15/192 rows
  lxtul-pointer: 18/192 rows
  lxtul-pointer: 21/192 rows
  lxtul-pointer: 24/192 rows
  lxtul-pointer: 27/192 rows
  lxtul-pointer: 30/192 rows
  lxtul-pointer: 33/192 rows
  lxtul-pointer: 36/192 rows
  lxtul-pointer: 39/192 rows
  lxtul-pointer: 42/192 rows
  lxtul-pointer: 45/192 rows
  lxtul-pointer: 48/192 rows
  lxtul-pointer: 51/192 rows
  lxtul-pointer: 54/192 rows
  lxtul-pointer: 57/192 rows
  lxtul-pointer: 60/192 rows
  lxtul-pointer: 63/192 rows
  lxtul-pointer: 66/192 rows
  lxtul-pointer: 69/192 rows
  lxtul-pointer: 72/192 rows
  lxtul-pointer: 75/192 rows
  lxtul-pointer: 78/192 rows
  lxtul-pointer: 81/192 rows
  lxtul-pointer: 84/192 rows
  lxtul-pointer: 87/192 rows
  lxtul-pointer: 90/192 rows
  lxtul-pointer: 93/192 rows
  lxtul-pointer: 96/192 rows
  lxtul-pointer: 99/192 rows
  lxtul-pointer: 102/192 rows
  lxtul-pointer: 105/192 rows
  lxtul-pointer: 108/192 rows
  lxtul-pointer: 111/192 rows
  lxtul-pointer: 114/192 rows
  lxtul-pointer: 117/192 rows
  lxtul-pointer: 120/192 rows
  lxtul-pointer: 123/192 rows
  lxtul-pointer: 126/192 rows
  lxtul-pointer: 129/192 rows
  lxtul-pointer: 132/192 rows
  lxtul-pointer: 135/192 rows
  lxtul-pointer: 138/192 rows
  lxtul-pointer: 141/192 rows
  lxtul-pointer: 144/192 rows
  lxtul-pointer: 147/192 rows
  lxtul-pointer: 150/192 rows
  lxtul-pointer: 153/192 rows
  lxtul-pointer: 156/192 rows
  lxtul-pointer: 159/192 rows
  lxtul-pointer: 162/192 rows
  lxtul-pointer: 165/192 rows
  lxtul-pointer: 168/192 rows
  lxtul-pointer: 171/192 rows
  lxtul-pointer: 174/192 rows
  lxtul-pointer: 177/192 rows
  lxtul-pointer: 180/192 rows
  lxtul-pointer: 183/192 rows
  lxtul-pointer: 186/192 rows
  lxtul-pointer: 189/192 rows
  lxtul-pointer: 192/192 rows
lxtul-pointer zero       +0.602[+0.571,+0.631]  +0.315[+0.295,+0.335]  +0.223[+0.209,+0.238]  +0.184[+0.168,+0.200]  +0.150[+0.142,+0.157]  +0.106[+0.101,+0.111]  +0.074[+0.070,+0.079]
lxtul-pointer zero       TOTAL +0.1473
lxtul-pointer shuffle    +1.353[+1.267,+1.441]  +0.265[+0.244,+0.287]  +0.186[+0.169,+0.203]  +0.143[+0.126,+0.160]  +0.106[+0.098,+0.114]  +0.070[+0.064,+0.077]  +0.043[+0.038,+0.047]
lxtul-pointer shuffle    TOTAL +0.1493
lxtul-pointer wrong_seed +0.975[+0.890,+1.061]  +0.050[+0.042,+0.058]  +0.024[+0.019,+0.030]  +0.019[+0.015,+0.024]  +0.016[+0.014,+0.018]  +0.014[+0.012,+0.015]  +0.012[+0.011,+0.013]
lxtul-pointer wrong_seed TOTAL +0.0634
lxtul-pointer all_slots  +0.602[+0.572,+0.633]  +0.315[+0.294,+0.335]  +0.223[+0.209,+0.237]  +0.184[+0.168,+0.200]  +0.150[+0.141,+0.158]  +0.106[+0.100,+0.112]  +0.074[+0.069,+0.079]
lxtul-pointer all_slots  TOTAL +0.1473
wrote /home/wolfe/morph-scratch/abc/lxtul-pointer/worth.json
